nohup: ignoring input
=== [scifact] encoding corpus across 1 GPU(s): 2 ===
  shard 0 -> GPU 2
=== waiting for all shards to finish encoding ===
=== [scifact] retrieval + expansion-term comparison (single GPU 0) ===
[CHECKPOINT 1] script started, before argparse
[CHECKPOINT 2] args parsed: dataset=scifact checkpoint=naver/splade-v3 stage=['retrieve', 'compare'] shard_id=0 num_shards=1
[CHECKPOINT 5] entering retrieve stage
2026-08-27 04:22:55,292 [scifact] [Part5] loading encoded corpus shards...

2026-08-27 04:22:55,292 - scifact - INFO - [Part5] loading encoded corpus shards...
2026-08-27 04:22:56,369 [scifact] [Part5] loaded 5183 doc vectors

2026-08-27 04:22:56,369 - scifact - INFO - [Part5] loaded 5183 doc vectors
Loading weights:   0%|          | 0/204 [00:00<?, ?it/s]Loading weights: 100%|██████████| 204/204 [00:00<00:00, 14967.08it/s]
2026-08-27 04:23:39,443 [scifact] [Part5] retrieval done. nDCG@10=0.7096

2026-08-27 04:23:39,443 - scifact - INFO - [Part5] retrieval done. nDCG@10=0.7096
[CHECKPOINT 6] retrieve stage finished
[CHECKPOINT 7] entering compare stage
2026-08-27 04:23:42,573 [scifact] [Part5] expansion-term comparison written for 10 queries. avg_overlap=0.20

2026-08-27 04:23:42,573 - scifact - INFO - [Part5] expansion-term comparison written for 10 queries. avg_overlap=0.20
[CHECKPOINT 8] compare stage finished
[CHECKPOINT 9] all requested stages complete
=== [scifact] Part 5 complete. Results appended to results/results_scifact.md ===
